Mozilla/5.0 (Linux; U; Android 6.0.1; en-US; SM-T320 Build/MMB29T) AppleWebKit/534.30 (KHTML, like Gecko) Version/4.0 UCBrowser/10.8.0.718 U3/0.8.0 Mobile Safari/534.30 
Mozilla/5.0 (Linux; Android 6.0.1; Nexus 6 Build/MMB29T) AppleWebKit/537.36 (KHTML, like Gecko) Chrome/47.0.2526.73 Mobile Safari/537.36 OPR/34.0.2044.98679 
Mozilla/5.0 (Linux; Android 6.0; HTC One_M8 Build/MRA58K) AppleWebKit/537.36 (KHTML, like Gecko) Chrome/48.0.2564.79 Mobile Safari/537.36 OPR/35.0.2070.100042 
Mozilla/5.0 (Linux; Android 6.0.1; wx_na_wf Build/MMB29T; wv) AppleWebKit/537.36 (KHTML, like Gecko) Version/4.0 Chrome/48.0.2564.71 Safari/537.36 
Dalvik/2.1.0 (Linux; U; Android 6.0; LG-D855 Build/MRA58K) 
Mozilla/5.0 (Linux; Android 6.0.1; Moto G 2014 Build/MMB29T) AppleWebKit/537.36 (KHTML, like Gecko) Chrome/46.0.2490.43 Mobile Safari/537.36 
Mozilla/5.0 (Linux; Android 6.0.1; Nexus 5 Build/MMB29T) AppleWebKit/537.36 (KHTML, like Gecko) Chrome/48.0.2564.99 Mobile Safari/537.36 
Mozilla/5.0 (Linux; Android 6.0; HTC One_M8 Build/MRA58K; wv) AppleWebKit/537.36 (KHTML, like Gecko) Version/4.0 Chrome/47.0.2526.100 Mobile Safari/537.36 [FB_IAB/FB4A;FBAV/61.0.0.15.69;] 
Mozilla/5.0 (Linux; Android 6.0; XT1562 Build/MPD24.65-18) AppleWebKit/537.36 (KHTML, like Gecko) Chrome/48.0.2564.95 Mobile Safari/537.36 
Mozilla/5.0 (Linux; U; Android 6.0.1; de-de; MI 4W Build/MMB29M) AppleWebKit/537.36 (KHTML, like Gecko) Version/4.0 Chrome/42.0.0.0 Mobile Safari/537.36 XiaoMi/MiuiBrowser/2.1.1 
Mozilla/5.0 (Linux; Android 6.0.1; Nexus 5 Build/MMB29S; wv) AppleWebKit/537.36 (KHTML, like Gecko) Version/4.0 Chrome/48.0.2564.95 Mobile Safari/537.36 ACHEETAHI/2100502020 
Mozilla/5.0 (Linux; Android 6.0.1; Nexus 7 Build/MMB29O) AppleWebKit/537.36 (KHTML, like Gecko) Chrome/47.0.2519.0 Safari/537.36 
Mozilla/5.0 (Linux; Android 6.0.1; MI NOTE LTE Build/MMB29M) AppleWebKit/537.36 (KHTML, like Gecko) Chrome/49.0.2623.27 Mobile Safari/537.36 
Mozilla/5.0 (Linux; Android 6.0.1; Nexus 7 2013 Build/MMB29T) AppleWebKit/537.36 (KHTML, like Gecko) Chrome/47.0.2526.83 Safari/537.36 
Mozilla/5.0 (Linux; Android 6.0; HTC One_M8 Build/MRA58K) AppleWebKit/537.36 (KHTML, like Gecko) Chrome/48.0.2564.99 Mobile Safari/537.36 
Mozilla/5.0 (Linux; Android 6.0.1; Nexus 7 Build/MMB29O) AppleWebKit/537.36 (KHTML, like Gecko) Chrome/49.0.2623.27 Safari/537.36 
Mozilla/5.0 (Linux; Android 6.0; XT1572 Build/MPH24.49-18) AppleWebKit/537.36 (KHTML, like Gecko) Chrome/48.0.2564.99 Mobile Safari/537.36 
Mozilla/5.0 (Linux; Android 6.0.1; SM-G925F Build/MMB29K; wv) AppleWebKit/537.36 (KHTML, like Gecko) Version/4.0 Chrome/48.0.2564.95 Mobile Safari/537.36 ACHEETAHI/2100502020 
Mozilla/5.0 (Linux; Android 6.0.1; Moto G 2014 LTE Build/MMB29T) AppleWebKit/537.36 (KHTML, like Gecko) Chrome/47.0.2526.83 Mobile Safari/537.36 
Mozilla/5.0 (Linux; Android 6.0.1; A0001 Build/MMB29T) AppleWebKit/537.36 (KHTML, like Gecko) Chrome/48.0.2564.99 Mobile Safari/537.36 
Mozilla/5.0 (Linux; Android 6.0; Nexus 7 Build/MRA58V) AppleWebKit/537.36 (KHTML, like Gecko) Chrome/48.0.2564.95 Safari/537.36 
Mozilla/5.0 (Linux; Android 6.0.1; A0001 Build/MMB29T; wv) AppleWebKit/537.36 (KHTML, like Gecko) Version/4.0 Chrome/48.0.2564.71 Mobile Safari/537.36 ACHEETAHI/2100502020 
Mozilla/5.0 (Linux; Android 6.0.1; LG-D802 Build/MMB29T) AppleWebKit/537.36 (KHTML, like Gecko) Chrome/48.0.2564.99 Mobile Safari/537.36 
Mozilla/5.0 (Linux; Android 6.0; HTC One_M8 Build/MRA58K; wv) AppleWebKit/537.36 (KHTML, like Gecko) Version/4.0 Chrome/48.0.2564.95 Mobile Safari/537.36 [FB_IAB/FB4A;FBAV/61.0.0.15.69;] 
Mozilla/5.0 (Linux; Android 6.0.1; Nexus 7 Build/MMB29M; wv) AppleWebKit/537.36 (KHTML, like Gecko) Version/4.0 Chrome/44.0.2403.119 Mobile Safari/537.36 
Mozilla/5.0 (Linux; Android 6.0; HUAWEI NXT-L29 Build/HUAWEINXT-L29; wv) AppleWebKit/537.36 (KHTML, like Gecko) Version/4.0 Chrome/47.0.2526.100 Mobile Safari/537.36 ACHEETAHI/2100502020 
Mozilla/5.0 (Linux; Android 6.0.1; GT-I9295 Build/MMB29T; wv) AppleWebKit/537.36 (KHTML, like Gecko) Version/4.0 Chrome/44.0.2403.119 Mobile Safari/537.36 
Mozilla/5.0 (Linux; Android 6.0.1; Nexus 5X Build/MHC19F) AppleWebKit/537.36 (KHTML, like Gecko) Chrome/48.0.2564.95 Mobile Safari/537.36 
Mozilla/5.0 (Linux; Android 6.0; XT1562 Build/MPD24.65-18; wv) AppleWebKit/537.36 (KHTML, like Gecko) Version/4.0 Chrome/47.0.2526.100 Mobile Safari/537.36 ACHEETAHI/2100502020 
Mozilla/5.0 (Linux; Android 6.0.1; Moto G 2014 Build/MMB29T) AppleWebKit/537.36 (KHTML, like Gecko) Chrome/48.0.2564.95 Mobile Safari/537.36 
Mozilla/5.0 (Linux; Android 6.0.1; Nexus 7 Build/MMB29O) AppleWebKit/537.36 (KHTML, like Gecko) Chrome/45.0.2454.84 Safari/537.36 
Mozilla/5.0 (Linux; Android 6.0.1; GT-I9300 Build/MMB29T) AppleWebKit/537.36 (KHTML, like Gecko) Chrome/49.0.2623.27 Mobile Safari/537.36 
Mozilla/5.0 (Linux; Android 6.0; LG-H815 Build/MRA58J) AppleWebKit/537.36 (KHTML, like Gecko) Chrome/47.0.2526.83 Mobile Safari/537.36 
Mozilla/5.0 (Linux; Android 6.0.1; Nexus 6 Build/MMB29S) AppleWebKit/537.36 (KHTML, like Gecko) Chrome/48.0.2564.99 Mobile Safari/537.36 
Mozilla/5.0 (Linux; Android 6.0; LG-D855 Build/MRA58K) AppleWebKit/537.36 (KHTML, like Gecko) Chrome/48.0.2564.79 Mobile Safari/537.36 OPR/35.0.2070.100042 
Mozilla/5.0 (Linux; Android 6.0.1; Nexus 5 Build/MMB29S) AppleWebKit/537.36 (KHTML, like Gecko) Chrome/48.0.2564.99 Mobile Safari/537.36 
Mozilla/5.0 (Linux; Android 6.0.1; GT-I9505 Build/MMB29T) AppleWebKit/537.36 (KHTML, like Gecko) Chrome/49.0.2623.27 Mobile Safari/537.36 
Mozilla/5.0 (Linux; Android 6.0.1; XT894 Build/MMB29T) AppleWebKit/537.36 (KHTML, like Gecko) Chrome/47.0.2526.83 Mobile Safari/537.36 
Mozilla/5.0 (Linux; Android 6.0; HTC One_M8 Build/MRA58K; wv) AppleWebKit/537.36 (KHTML, like Gecko) Version/4.0 Chrome/48.0.2564.95 Mobile Safari/537.36 ACHEETAHI/2100502020 
Mozilla/5.0 (Linux; U; Android 6.0.1; en-us; MI 3W Build/MMB29M) AppleWebKit/537.36 (KHTML, like Gecko) Version/4.0 Chrome/42.0.0.0 Mobile Safari/537.36 XiaoMi/MiuiBrowser/2.1.1 
Mozilla/5.0 (Linux; Android 6.0.1; Nexus 7 Build/MMB29T) AppleWebKit/537.36 (KHTML, like Gecko) Chrome/47.0.2526.73 Safari/537.36 OPR/34.0.2044.98679 
Mozilla/5.0 (Linux; Android 6.0; SHIELD Tablet K1 Build/MRA58K) AppleWebKit/537.36 (KHTML, like Gecko) Chrome/46.0.2490.86 YaBrowser/15.12.2.6772.01 Yowser/2.5.2 Safari/537.36 
Mozilla/5.0 (Linux; Android 6.0; LG-D855 Build/MRA58K) AppleWebKit/537.36 (KHTML, like Gecko) Chrome/48.0.2564.99 Mobile Safari/537.36 
Mozilla/5.0 (Linux; U; Android 6.0; en-gb; HTC One_M8 Build/MRA58K) AppleWebKit/537.16 (KHTML, like Gecko) Version/4.0 Mobile Safari/537.16 Chrome/33.0.0.0 
Mozilla/5.0 (Linux; U; Android 6.0; en-us; HTC One_M8 Build/MRA58K) AppleWebKit/537.16 (KHTML, like Gecko) Version/4.0 Mobile Safari/537.16 Chrome/33.0.0.0 
Mozilla/5.0 (Linux; Android 6.0.1; Nexus 5X Build/MMB29K) AppleWebKit/537.36 (KHTML, like Gecko) Chrome/48.0.2564.95 Mobile Safari/537.36 
Mozilla/5.0 (Linux; Android 6.0; XT1068 Build/MPB24.65-34) AppleWebKit/537.36 (KHTML, like Gecko) Chrome/47.0.2526.83 Mobile Safari/537.36 
Mozilla/5.0 (Linux; Android 6.0; LG-H815 Build/MRA58K; wv) AppleWebKit/537.36 (KHTML, like Gecko) Version/4.0 Chrome/47.0.2526.100 Mobile Safari/537.36 ACHEETAHI/2100502026 
Mozilla/5.0 (Linux; Android 6.0; SHIELD Tablet K1 Build/MRA58K) AppleWebKit/537.36 (KHTML, like Gecko) Chrome/48.0.2564.95 Safari/537.36 
Mozilla/5.0 (iPhone; CPU iPhone OS 9_0_2 like Mac OS X) AppleWebKit/601.1.46 (KHTML, like Gecko) Mobile/13A452 Safari/601.1.46 Sleipnir/4.2.2m 
Mozilla/5.0 (iPhone; CPU iPhone OS 9_2_1 like Mac OS X) AppleWebKit/601.1.46 (KHTML, like Gecko) OPiOS/9.2.0.88656 Mobile/13D15 Safari/9537.53  
Mozilla/5.0 (iPhone; CPU iPhone OS 9_2_1 like Mac OS X) AppleWebKit/601.1.46 (KHTML, like Gecko) Version/7.0 Mobile/13D15 Safari/9537.53 
Mozilla/5.0 (iPhone; CPU iPhone OS 9_0 like Mac OS X) AppleWebKit/601.1 (KHTML, like Gecko) CriOS/48.0.2564.87 Mobile/13A342 Safari/601.1.46  
Mozilla/5.0 (iPhone; CPU iPhone OS 9_2_1 like Mac OS X) AppleWebKit/601.1.46 (KHTML, like Gecko) Mobile/13D15 [FBAN/FBIOS;FBAV/46.0.0.54.156;FBBV/18972819;FBDV/iPhone6,2;FBMD/iPhone;FBSN/iPhone OS;FBSV/9.2.1;FBSS/2; FBCR/Vodafone.de;FBID/phone;FBLC/de_DE; 
Mozilla/5.0 (iPhone; CPU iPhone OS 9_2_1 like Mac OS X) AppleWebKit/601.1.46 (KHTML, like Gecko) Mobile/13D15 [FBAN/FBIOS;FBAV/47.0.0.43.396;FBBV/20481971;FBDV/iPhone7,1;FBMD/iPhone;FBSN/iPhone OS;FBSV/9.2.1;FBSS/3; FBCR/o2-de;FBID/phone;FBLC/en_GB;FBOP/5 
Mozilla/5.0 (iPhone; CPU iPhone OS 9_2_1 like Mac OS X) AppleWebKit/601.1.46 (KHTML, like Gecko) Mobile/13D15 NAVER(inapp; search; 480; 6.7.5; 5) 
Mozilla/5.0 (iPhone; CPU iPhone OS 9_2_1 like Mac OS X) AppleWebKit/601.1.46 (KHTML, like Gecko) Mobile/13D15 Safari Line/5.9.5 
Mozilla/5.0 (iPhone; CPU iPhone OS 9_2_1 like Mac OS X) AppleWebKit/601.1.46 (KHTML, like Gecko) Mobile/13D15 [FBAN/MessengerForiOS;FBAV/55.0.0.28.59;FBBV/20754519;FBDV/iPhone6,2;FBMD/iPhone;FBSN/iPhone OS;FBSV/9.2.1;FBSS/2; FBCR/Telekom.de;FBID/phone;FBL 
Mozilla/5.0 (iPhone; CPU iPhone OS 9_3 like Mac OS X) AppleWebKit/601.1.46 (KHTML, like Gecko) Version/9.0 Mobile/13E199 Safari/601.1 
Mozilla/5.0 (iPod; CPU iPhone OS 9_2_1 like Mac OS X) AppleWebKit/600.1.4 (KHTML, like Gecko) CriOS/45.0.2454.89 Mobile/13D15 Safari/600.1.4 
Mozilla/5.0 (iPhone; CPU iPhone OS 9_1 like Mac OS X) AppleWebKit/601.1.46 (KHTML, like Gecko) Mobile/13B143 [FBAN/FBIOS;FBAV/45.0.0.45.96;FBBV/18289579;FBDV/iPhone7,2;FBMD/iPhone;FBSN/iPhone OS;FBSV/9.1;FBSS/2; FBCR/OrangeMoldova;FBID/phone;FBLC/ru_RU;FB
Mozilla/5.0 (iPhone; CPU iPhone OS 9_2 like Mac OS X) AppleWebKit/601.1.46 (KHTML, like Gecko) Mobile/13C75 [FBAN/MessengerForiOS;FBAV/55.0.0.28.59;FBBV/20754519;FBDV/iPhone5,2;FBMD/iPhone;FBSN/iPhone OS;FBSV/9.2;FBSS/2; FBCR/Swisscom;FBID/phone;FBLC/sv_S 
Mozilla/5.0 (iPhone; CPU iPhone OS 9_2_1 like Mac OS X) AppleWebKit/600.1.4 (KHTML, like Gecko) CriOS/39.0.2171.50 Mobile/13D15 Safari/600.1.4  
Mozilla/5.0 (iPhone; CPU iPhone OS 9_2_1 like Mac OS X) AppleWebKit/537.51.2 (KHTML, like Gecko) GSA/4.2.1.37597 Mobile/13D15 Safari/9537.53 
Mozilla/5.0 (iPod; CPU iPhone OS 9_2_1 like Mac OS X) AppleWebKit/601.1 (KHTML, like Gecko) CriOS/48.0.2564.87 Mobile/13D15 Safari/601.1.46 
Mozilla/5.0 (iPhone; CPU iPhone OS 9_0_1 like Mac OS X) AppleWebKit/601.1 (KHTML, like Gecko) CriOS/48.0.2564.87 Mobile/13A405 Safari/601.1.46 
Mozilla/5.0 (iPhone; CPU iPhone OS 9_3 like Mac OS X) AppleWebKit/601.1.46 (KHTML, like Gecko) Version/9.0 Mobile/13E198 Safari/601.1 
Mozilla/5.0 (iPhone; CPU iPhone OS 9_2 like Mac OS X) AppleWebKit/601.1.46 (KHTML, like Gecko) Mobile/13C75 [FBAN/FBIOS;FBAV/35.0.0.34.220;FBBV/12945441;FBDV/iPhone7,2;FBMD/iPhone;FBSN/iPhone OS;FBSV/9.2;FBSS/2; FBCR/Vodafone.de;FBID/phone;FBLC/de_DE;FBOP  
Mozilla/5.0 (iPhone; CPU iPhone OS 9_2_1 like Mac OS X) AppleWebKit/601.1.46 (KHTML, like Gecko) Mobile/13D15 [FBAN/FBIOS;FBAV/47.0.0.43.396;FBBV/20481971;FBDV/iPhone6,2;FBMD/iPhone;FBSN/iPhone OS;FBSV/9.2.1;FBSS/2; FBCR/E-Plus;FBID/phone;FBLC/de_DE;FBOP/ 
Mozilla/5.0 (iPhone; CPU iPhone OS 9_2_1 like Mac OS X) AppleWebKit/601.1.46 (KHTML, like Gecko) Mobile/13D15 [FBAN/FBIOS;FBAV/47.0.0.43.396;FBBV/20481971;FBDV/iPhone8,1;FBMD/iPhone;FBSN/iPhone OS;FBSV/9.2.1;FBSS/2; FBCR/o2-de;FBID/phone;FBLC/de_DE;FBOP/5 
Mozilla/5.0 (iPhone; CPU iPhone OS 9_2_1 like Mac OS X) AppleWebKit/601.1.46 (KHTML, like Gecko) Mobile/13D15 [FBAN/MessengerForiOS;FBAV/55.0.0.28.59;FBBV/20754519;FBDV/iPhone8,1;FBMD/iPhone;FBSN/iPhone OS;FBSV/9.2.1;FBSS/2; FBCR/Telekom.de;FBID/phone;FBL 
Mozilla/5.0 (iPhone; CPU iPhone OS 9_2_1 like Mac OS X) AppleWebKit/601.1.46 (KHTML, like Gecko) Mobile/13D15 [FBAN/FBIOS;FBAV/47.0.0.43.396;FBBV/20481971;FBDV/iPhone5,2;FBMD/iPhone;FBSN/iPhone OS;FBSV/9.2.1;FBSS/2; FBCR/Vodafone.de;FBID/phone;FBLC/de_DE; 
Mozilla/5.0 (iPhone; CPU iPhone OS 9_2_1 like Mac OS X) AppleWebKit/601.1.46 (KHTML, like Gecko) Mobile/13D15 [FBAN/MessengerForiOS;FBAV/55.0.0.28.59;FBBV/20754519;FBDV/iPhone7,2;FBMD/iPhone;FBSN/iPhone OS;FBSV/9.2.1;FBSS/2; FBCR/1&1;FBID/phone;FBLC/de_DE  
Mozilla/5.0 (iPhone; CPU iPhone OS 7_1_2 like Mac OS X) AppleWebKit/537.51.2 (KHTML, like Gecko) Version/9.0 Mobile/11D257 Safari/601.1 MXiOS/4.8.4.57 
Mozilla/5.0 (iPhone; CPU iPhone OS 9_3 like Mac OS X) AppleWebKit/601.1.46 (KHTML, like Gecko) FxiOS/1.4 Mobile/13E5191d Safari/601.1.46  
Mozilla/5.0 (iPhone; CPU iPhone OS 9_2 like Mac OS X) AppleWebKit/601.1.46 (KHTML, like Gecko) Mobile/13C75 [FBAN/FBIOS;FBAV/47.0.0.43.396;FBBV/20481971;FBDV/iPhone8,1;FBMD/iPhone;FBSN/iPhone OS;FBSV/9.2;FBSS/2; FBCR/o2-de;FBID/phone;FBLC/de_DE;FBOP/5] 
Mozilla/5.0 (iPhone; CPU iPhone OS 9_2_1 like Mac OS X) AppleWebKit/601.1.46 (KHTML, like Gecko) Mobile/13D15 Safari/9537.53 Kitt/1.0.0/3 
Mozilla/5.0 (iPhone; CPU iPhone OS 9_2_1 like Mac OS X) AppleWebKit/601.1.46 (KHTML, like Gecko) Mobile/13D15 [FBAN/FBIOS;FBAV/46.0.0.54.156;FBBV/18972819;FBDV/iPhone6,2;FBMD/iPhone;FBSN/iPhone OS;FBSV/9.2.1;FBSS/2; FBCR/E-Plus;FBID/phone;FBLC/de_DE;FBOP/ 
Mozilla/5.0 (iPhone; CPU iPhone OS 9_2_1 like Mac OS X) AppleWebKit/601.1.46 (KHTML, like Gecko) Coast/4.40.93868 Mobile/13D15 Safari/7534.48.3  
Mozilla/5.0 (iPhone; CPU iPhone OS 9_2_1 like Mac OS X) AppleWebKit/601.1.46 (KHTML, like Gecko) Mobile/13D15 [FBAN/MessengerForiOS;FBAV/54.0.0.30.75;FBBV/20447580;FBDV/iPhone7,2;FBMD/iPhone;FBSN/iPhone OS;FBSV/9.2.1;FBSS/2; FBCR/3Austria;FBID/phone;FBLC/ 
Mozilla/5.0 (iPhone; CPU iPhone OS 9_2_1 like Mac OS X) AppleWebKit/601.1.46 (KHTML, like Gecko) Mobile/13D15 [FBAN/FBIOS;FBAV/30.0.0.34.13;FBBV/9917221;FBDV/iPhone8,1;FBMD/iPhone;FBSN/iPhone OS;FBSV/9.2.1;FBSS/2; FBCR/Telekom.de;FBID/phone;FBLC/de_DE;FBO 
Mozilla/5.0 (iPhone; CPU iPhone OS 9_2 like Mac OS X) AppleWebKit/601.1.46 (KHTML, like Gecko) Mobile/13C75 [FBAN/FBIOS;FBAV/47.0.0.43.396;FBBV/20481971;FBDV/iPhone6,2;FBMD/iPhone;FBSN/iPhone OS;FBSV/9.2;FBSS/2; FBCR/Telekom.de;FBID/phone;FBLC/de_DE;FBOP/ 
Mozilla/5.0 (iPhone; CPU iPhone OS 9_2_1 like Mac OS X) AppleWebKit/601.1.46 (KHTML, like Gecko) Mobile/13D15 [FBAN/FBIOS;FBAV/46.0.0.54.156;FBBV/18972819;FBDV/iPhone7,1;FBMD/iPhone;FBSN/iPhone OS;FBSV/9.2.1;FBSS/3; FBCR/o2-de;FBID/phone;FBLC/de_DE;FBOP/5  
Mozilla/5.0 (iPhone; CPU iPhone OS 8_0 like Mac OS X) AppleWebKit/600.1.4 (KHTML, like Gecko) GSA/11.1.66360 Mobile/12A366 Safari/600.1.4 
Mozilla/5.0 (iPhone; CPU iPhone OS 9_2_1 like Mac OS X) AppleWebKit/601.1.46 (KHTML, like Gecko) Mobile/13D15 [FBAN/FBIOS;FBAV/47.0.0.43.396;FBBV/20481971;FBDV/iPhone6,2;FBMD/iPhone;FBSN/iPhone OS;FBSV/9.2.1;FBSS/2; FBCR/POST;FBID/phone;FBLC/fr_FR;FBOP/5] 
Mozilla/5.0 (iPhone; CPU iPhone OS 9_2_1 like Mac OS X) AppleWebKit/601.1.46 (KHTML, like Gecko) Mobile/13D15 [FBAN/FBIOS;FBAV/47.0.0.43.396;FBBV/20481971;FBDV/iPhone7,2;FBMD/iPhone;FBSN/iPhone OS;FBSV/9.2.1;FBSS/2; FBCR/TANGO;FBID/phone;FBLC/de_DE;FBOP/5 